// Jest Snapshot v1, https://goo.gl/fbAQLP

exports[`Renders landing page/login loads 1`] = `
Object {
  "asFragment": [Function],
  "baseElement": <body>
    <div>
      <div
        class="header"
      >
        <div
          class="back-to-trips"
        >
          <a
            href="/trips"
          >
            Back to your trips
          </a>
        </div>
        <div
          class="sign-out"
        >
          <button>
            Sign Out
          </button>
        </div>
      </div>
      <main>
        <div
          class="login"
        >
          <h2
            class="signin-message"
          >
            Sign in with Github OAuth
          </h2>
          <button
            class="bg-transparent hover:bg-pink-500 text-red-700 font-semibold hover:text-white py-2 px-4 border border-red-500 hover:border-transparent rounded m-6"
          >
            <a
              href="http://localhost:7890/api/v1/github/login"
            >
               
              Sign in
            </a>
          </button>
        </div>
      </main>
      <div
        class="footer"
      >
        <a
          href="/aboutus"
        >
          About Us
        </a>
      </div>
    </div>
  </body>,
  "container": <div>
    <div
      class="header"
    >
      <div
        class="back-to-trips"
      >
        <a
          href="/trips"
        >
          Back to your trips
        </a>
      </div>
      <div
        class="sign-out"
      >
        <button>
          Sign Out
        </button>
      </div>
    </div>
    <main>
      <div
        class="login"
      >
        <h2
          class="signin-message"
        >
          Sign in with Github OAuth
        </h2>
        <button
          class="bg-transparent hover:bg-pink-500 text-red-700 font-semibold hover:text-white py-2 px-4 border border-red-500 hover:border-transparent rounded m-6"
        >
          <a
            href="http://localhost:7890/api/v1/github/login"
          >
             
            Sign in
          </a>
        </button>
      </div>
    </main>
    <div
      class="footer"
    >
      <a
        href="/aboutus"
      >
        About Us
      </a>
    </div>
  </div>,
  "debug": [Function],
  "findAllByAltText": [Function],
  "findAllByDisplayValue": [Function],
  "findAllByLabelText": [Function],
  "findAllByPlaceholderText": [Function],
  "findAllByRole": [Function],
  "findAllByTestId": [Function],
  "findAllByText": [Function],
  "findAllByTitle": [Function],
  "findByAltText": [Function],
  "findByDisplayValue": [Function],
  "findByLabelText": [Function],
  "findByPlaceholderText": [Function],
  "findByRole": [Function],
  "findByTestId": [Function],
  "findByText": [Function],
  "findByTitle": [Function],
  "getAllByAltText": [Function],
  "getAllByDisplayValue": [Function],
  "getAllByLabelText": [Function],
  "getAllByPlaceholderText": [Function],
  "getAllByRole": [Function],
  "getAllByTestId": [Function],
  "getAllByText": [Function],
  "getAllByTitle": [Function],
  "getByAltText": [Function],
  "getByDisplayValue": [Function],
  "getByLabelText": [Function],
  "getByPlaceholderText": [Function],
  "getByRole": [Function],
  "getByTestId": [Function],
  "getByText": [Function],
  "getByTitle": [Function],
  "queryAllByAltText": [Function],
  "queryAllByDisplayValue": [Function],
  "queryAllByLabelText": [Function],
  "queryAllByPlaceholderText": [Function],
  "queryAllByRole": [Function],
  "queryAllByTestId": [Function],
  "queryAllByText": [Function],
  "queryAllByTitle": [Function],
  "queryByAltText": [Function],
  "queryByDisplayValue": [Function],
  "queryByLabelText": [Function],
  "queryByPlaceholderText": [Function],
  "queryByRole": [Function],
  "queryByTestId": [Function],
  "queryByText": [Function],
  "queryByTitle": [Function],
  "rerender": [Function],
  "unmount": [Function],
}
`;
